---
source: tui/src/chatwidget/tests/slash_commands.rs
assertion_line: 2511
expression: normalize_snapshot_paths(term.backend().vt100().screen().contents())
---














• Messages to be submitted at end of turn
  ↳ Steer submitted while /compact was running.
• 0s
Ask anything... "Fix a TODO in the codebase"
