---
source: tui/src/chatwidget/tests/side.rs
assertion_line: 262
expression: normalized_backend_snapshot(terminal.backend())
---
"                                                                                "
"• 0s                                                                            "
"                                                                                "
"                                                              Side starting...  "
