---
source: tui/src/chatwidget/tests/status_and_layout.rs
expression: snapshot
---
"                                                                                "
"Ask anything... "Fix a TODO in the codebase"                                    "
"Working (0s • esc to interrupt)                                                 "
