---
source: tui/src/chatwidget/tests/exec_flow.rs
expression: normalized_backend_snapshot(terminal.backend())
---
"                                                                                "
"Ask anything... "Fix a TODO in the codebase"                                    "
"Working (0s • esc to interrupt)                                                 "
