---
source: tui/src/chatwidget/tests/side.rs
expression: terminal.backend()
---
"                                                                                "
"Ask anything... "Fix a TODO in the codebase"                                    "
"                                                             ctrl + / for side  "
