---
source: tui/src/chatwidget/tests/exec_flow.rs
assertion_line: 69
expression: normalized_backend_snapshot(terminal.backend())
---
"                                                                                "
"• 0s                                                                            "
"Ask anything... "Fix a TODO in the codebase"                                    "
